[    0.000000] Initializing cgroup subsys cpuset
[    0.000000] Initializing cgroup subsys cpu
[    0.000000] Initializing cgroup subsys cpuacct
[    0.000000] Linux version 4.4.0-45-generic (buildd@lgw01-34) (gcc version 5.4.0 20160609 (Ubuntu 5.4.0-6ubuntu1~16.04.2) ) #66-Ubuntu SMP Wed Oct 19 14:12:37 UTC 2016 (Ubuntu 4.4.0-45.66-generic 4.4.21)
[    0.000000] Command line: BOOT_IMAGE=/boot/vmlinuz-4.4.0-45-generic root=LABEL=cloudimg-rootfs ro console=tty1 console=ttyS0
[    0.000000] KERNEL supported cpus:
[    0.000000]   Intel GenuineIntel
[    0.000000]   AMD AuthenticAMD
[    0.000000]   Centaur CentaurHauls
[    0.000000] x86/fpu: xstate_offset[2]:  576, xstate_sizes[2]:  256
[    0.000000] x86/fpu: Supporting XSAVE feature 0x01: 'x87 floating point registers'
[    0.000000] x86/fpu: Supporting XSAVE feature 0x02: 'SSE registers'
[    0.000000] x86/fpu: Supporting XSAVE feature 0x04: 'AVX registers'
[    0.000000] x86/fpu: Enabled xstate features 0x7, context size is 832 bytes, using 'standard' format.
[    0.000000] x86/fpu: Using 'lazy' FPU context switches.
[    0.000000] e820: BIOS-provided physical RAM map:
[    0.000000] BIOS-e820: [mem 0x0000000000000000-0x000000000009fbff] usable
[    0.000000] BIOS-e820: [mem 0x000000000009fc00-0x000000000009ffff] reserved
[    0.000000] BIOS-e820: [mem 0x00000000000f0000-0x00000000000fffff] reserved
[    0.000000] BIOS-e820: [mem 0x0000000000100000-0x000000001ffeffff] usable
[    0.000000] BIOS-e820: [mem 0x000000001fff0000-0x000000001fffffff] ACPI data
[    0.000000] BIOS-e820: [mem 0x00000000fec00000-0x00000000fec00fff] reserved
[    0.000000] BIOS-e820: [mem 0x00000000fee00000-0x00000000fee00fff] reserved
[    0.000000] BIOS-e820: [mem 0x00000000fffc0000-0x00000000ffffffff] reserved
[    0.000000] NX (Execute Disable) protection: active
[    0.000000] SMBIOS 2.5 present.
[    0.000000] Hypervisor detected: KVM
[    0.000000] e820: last_pfn = 0x1fff0 max_arch_pfn = 0x400000000
[    0.000000] MTRR: Disabled
[    0.000000] x86/PAT: MTRRs disabled, skipping PAT initialization too.
[    0.000000] x86/PAT: Configuration [0-7]: WB  WT  UC- UC  WB  WT  UC- UC  
[    0.000000] CPU MTRRs all blank - virtualized system.
[    0.000000] found SMP MP-table at [mem 0x0009fff0-0x0009ffff] mapped at [ffff88000009fff0]
[    0.000000] Scanning 1 areas for low memory corruption
[    0.000000] RAMDISK: [mem 0x1efff000-0x1f808fff]
[    0.000000] ACPI: Early table checksum verification disabled
[    0.000000] ACPI: RSDP 0x00000000000E0000 000024 (v02 VBOX  )
[    0.000000] ACPI: XSDT 0x000000001FFF0030 00003C (v01 VBOX   VBOXXSDT 00000001 ASL  00000061)
[    0.000000] ACPI: FACP 0x000000001FFF00F0 0000F4 (v04 VBOX   VBOXFACP 00000001 ASL  00000061)
[    0.000000] ACPI: DSDT 0x000000001FFF0470 00210F (v01 VBOX   VBOXBIOS 00000002 INTL 20100528)
[    0.000000] ACPI: FACS 0x000000001FFF0200 000040
[    0.000000] ACPI: FACS 0x000000001FFF0200 000040
[    0.000000] ACPI: APIC 0x000000001FFF0240 000054 (v02 VBOX   VBOXAPIC 00000001 ASL  00000061)
[    0.000000] ACPI: SSDT 0x000000001FFF02A0 0001CC (v01 VBOX   VBOXCPUT 00000002 INTL 20100528)
[    0.000000] No NUMA configuration found
[    0.000000] Faking a node at [mem 0x0000000000000000-0x000000001ffeffff]
[    0.000000] NODE_DATA(0) allocated [mem 0x1ffeb000-0x1ffeffff]
[    0.000000] kvm-clock: Using msrs 4b564d01 and 4b564d00
[    0.000000] kvm-clock: cpu 0, msr 0:1ffe7001, primary cpu clock
[    0.000000] kvm-clock: using sched offset of 3748476718 cycles
[    0.000000] clocksource: kvm-clock: mask: 0xffffffffffffffff max_cycles: 0x1cd42e4dffb, max_idle_ns: 881590591483 ns
[    0.000000] Zone ranges:
[    0.000000]   DMA      [mem 0x0000000000001000-0x0000000000ffffff]
[    0.000000]   DMA32    [mem 0x0000000001000000-0x000000001ffeffff]
[    0.000000]   Normal   empty
[    0.000000]   Device   empty
[    0.000000] Movable zone start for each node
[    0.000000] Early memory node ranges
[    0.000000]   node   0: [mem 0x0000000000001000-0x000000000009efff]
[    0.000000]   node   0: [mem 0x0000000000100000-0x000000001ffeffff]
[    0.000000] Initmem setup node 0 [mem 0x0000000000001000-0x000000001ffeffff]
[    0.000000] ACPI: PM-Timer IO Port: 0x4008
[    0.000000] IOAPIC[0]: apic_id 1, version 32, address 0xfec00000, GSI 0-23
[    0.000000] ACPI: INT_SRC_OVR (bus 0 bus_irq 0 global_irq 2 dfl dfl)
[    0.000000] ACPI: INT_SRC_OVR (bus 0 bus_irq 9 global_irq 9 high level)
[    0.000000] Using ACPI (MADT) for SMP configuration information
[    0.000000] smpboot: Allowing 1 CPUs, 0 hotplug CPUs
[    0.000000] PM: Registered nosave memory: [mem 0x00000000-0x00000fff]
[    0.000000] PM: Registered nosave memory: [mem 0x0009f000-0x0009ffff]
[    0.000000] PM: Registered nosave memory: [mem 0x000a0000-0x000effff]
[    0.000000] PM: Registered nosave memory: [mem 0x000f0000-0x000fffff]
[    0.000000] e820: [mem 0x20000000-0xfebfffff] available for PCI devices
[    0.000000] Booting paravirtualized kernel on KVM
[    0.000000] clocksource: refined-jiffies: mask: 0xffffffff max_cycles: 0xffffffff, max_idle_ns: 7645519600211568 ns
[    0.000000] setup_percpu: NR_CPUS:256 nr_cpumask_bits:256 nr_cpu_ids:1 nr_node_ids:1
[    0.000000] PERCPU: Embedded 33 pages/cpu @ffff88001fc00000 s98008 r8192 d28968 u2097152
[    0.000000] PV qspinlock hash table entries: 256 (order: 0, 4096 bytes)
[    0.000000] Built 1 zonelists in Node order, mobility grouping on.  Total pages: 128889
[    0.000000] Policy zone: DMA32
[    0.000000] Kernel command line: BOOT_IMAGE=/boot/vmlinuz-4.4.0-45-generic root=LABEL=cloudimg-rootfs ro console=tty1 console=ttyS0
[    0.000000] PID hash table entries: 2048 (order: 2, 16384 bytes)
[    0.000000] Memory: 488456K/523832K available (8409K kernel code, 1283K rwdata, 3944K rodata, 1480K init, 1292K bss, 35376K reserved, 0K cma-reserved)
[    0.000000] SLUB: HWalign=64, Order=0-3, MinObjects=0, CPUs=1, Nodes=1
[    0.000000] Hierarchical RCU implementation.
[    0.000000] 	Build-time adjustment of leaf fanout to 64.
[    0.000000] 	RCU restricting CPUs from NR_CPUS=256 to nr_cpu_ids=1.
[    0.000000] RCU: Adjusting geometry for rcu_fanout_leaf=64, nr_cpu_ids=1
[    0.000000] NR_IRQS:16640 nr_irqs:256 16
[    0.000000] Console: colour VGA+ 80x25
[    0.000000] console [tty1] enabled
[    0.000000] console [ttyS0] enabled
[    0.000000] tsc: Detected 2594.116 MHz processor
[    1.159077] Calibrating delay loop (skipped) preset value.. 5188.23 BogoMIPS (lpj=10376464)
[    1.160857] pid_max: default: 32768 minimum: 301
[    1.161792] ACPI: Core revision 20150930
[    1.163822] ACPI: 2 ACPI AML tables successfully acquired and loaded
[    1.166701] Security Framework initialized
[    1.167545] Yama: becoming mindful.
[    1.168308] AppArmor: AppArmor initialized
[    1.169209] Dentry cache hash table entries: 65536 (order: 7, 524288 bytes)
[    1.170611] Inode-cache hash table entries: 32768 (order: 6, 262144 bytes)
[    1.171922] Mount-cache hash table entries: 1024 (order: 1, 8192 bytes)
[    1.173141] Mountpoint-cache hash table entries: 1024 (order: 1, 8192 bytes)
[    1.174868] Initializing cgroup subsys io
[    1.175722] Initializing cgroup subsys memory
[    1.176622] Initializing cgroup subsys devices
[    1.177540] Initializing cgroup subsys freezer
[    1.178462] Initializing cgroup subsys net_cls
[    1.185925] Initializing cgroup subsys perf_event
[    1.188305] Initializing cgroup subsys net_prio
[    1.190634] Initializing cgroup subsys hugetlb
[    1.191532] Initializing cgroup subsys pids
[    1.192493] CPU: Physical Processor ID: 0
[    1.193715] mce: CPU supports 0 MCE banks
[    1.194616] process: using mwait in idle threads
[    1.195574] Last level iTLB entries: 4KB 512, 2MB 8, 4MB 8
[    1.202704] Last level dTLB entries: 4KB 512, 2MB 32, 4MB 32, 1GB 0
[    1.227723] Freeing SMP alternatives memory: 32K (ffffffff820b4000 - ffffffff820bc000)
[    1.297934] ftrace: allocating 32007 entries in 126 pages
[    1.402154] smpboot: Max logical packages: 1
[    1.405102] smpboot: APIC(0) Converting physical 0 to logical package 0
[    1.421105] x2apic enabled
[    1.422189] Switched APIC routing to physical x2apic.
[    1.424724] ..TIMER: vector=0x30 apic1=0 pin1=2 apic2=-1 pin2=-1
[    1.533753] smpboot: CPU0: Intel(R) Core(TM) i5-3230M CPU @ 2.60GHz (family: 0x6, model: 0x3a, stepping: 0x9)
[    1.537600] Performance Events: unsupported p6 CPU model 58 no PMU driver, software events only.
[    1.540146] KVM setup paravirtual spinlock
[    1.541884] x86: Booted up 1 node, 1 CPUs
[    1.544494] smpboot: Total of 1 processors activated (5188.23 BogoMIPS)
[    1.546284] devtmpfs: initialized
[    1.549207] evm: security.selinux
[    1.551873] evm: security.SMACK64
[    1.553044] evm: security.SMACK64EXEC
[    1.554599] evm: security.SMACK64TRANSMUTE
[    1.555748] evm: security.SMACK64MMAP
[    1.556756] evm: security.ima
[    1.557611] evm: security.capability
[    1.558798] clocksource: jiffies: mask: 0xffffffff max_cycles: 0xffffffff, max_idle_ns: 7645041785100000 ns
[    1.561566] pinctrl core: initialized pinctrl subsystem
[    1.563113] RTC time: 18:11:41, date: 11/07/16
[    1.564748] NET: Registered protocol family 16
[    1.566703] cpuidle: using governor ladder
[    1.568088] cpuidle: using governor menu
[    1.569411] PCCT header not found.
[    1.572339] ACPI: bus type PCI registered
[    1.573573] acpiphp: ACPI Hot Plug PCI Controller Driver version: 0.5
[    1.575293] PCI: Using configuration type 1 for base access
[    1.577921] ACPI: Added _OSI(Module Device)
[    1.580392] ACPI: Added _OSI(Processor Device)
[    1.589228] ACPI: Added _OSI(3.0 _SCP Extensions)
[    1.591014] ACPI: Added _OSI(Processor Aggregator Device)
[    1.592700] ACPI: Executed 1 blocks of module-level executable AML code
[    1.595873] ACPI: Interpreter enabled
[    1.596681] ACPI Exception: AE_NOT_FOUND, While evaluating Sleep State [\_S1_] (20150930/hwxface-580)
[    1.604431] ACPI Exception: AE_NOT_FOUND, While evaluating Sleep State [\_S2_] (20150930/hwxface-580)
[    1.606359] ACPI Exception: AE_NOT_FOUND, While evaluating Sleep State [\_S3_] (20150930/hwxface-580)
[    1.608279] ACPI Exception: AE_NOT_FOUND, While evaluating Sleep State [\_S4_] (20150930/hwxface-580)
[    1.610313] ACPI: (supports S0 S5)
[    1.611058] ACPI: Using IOAPIC for interrupt routing
[    1.612206] PCI: Using host bridge windows from ACPI; if necessary, use "pci=nocrs" and report a bug
[    1.619270] ACPI: PCI Root Bridge [PCI0] (domain 0000 [bus 00-ff])
[    1.620952] acpi PNP0A03:00: _OSC: OS supports [ASPM ClockPM Segments MSI]
[    1.622254] acpi PNP0A03:00: _OSC failed (AE_NOT_FOUND); disabling ASPM
[    1.623514] acpi PNP0A03:00: fail to add MMCONFIG information, can't access extended PCI configuration space under this bridge.
[    1.626017] PCI host bridge to bus 0000:00
[    1.626868] pci_bus 0000:00: root bus resource [io  0x0000-0x0cf7 window]
[    1.628116] pci_bus 0000:00: root bus resource [io  0x0d00-0xffff window]
[    1.629340] pci_bus 0000:00: root bus resource [mem 0x000a0000-0x000bffff window]
[    1.631022] pci_bus 0000:00: root bus resource [mem 0x20000000-0xffdfffff window]
[    1.633668] pci_bus 0000:00: root bus resource [bus 00-ff]
[    1.636851] pci 0000:00:01.1: legacy IDE quirk: reg 0x10: [io  0x01f0-0x01f7]
[    1.638158] pci 0000:00:01.1: legacy IDE quirk: reg 0x14: [io  0x03f6]
[    1.639396] pci 0000:00:01.1: legacy IDE quirk: reg 0x18: [io  0x0170-0x0177]
[    1.650139] pci 0000:00:01.1: legacy IDE quirk: reg 0x1c: [io  0x0376]
[    1.666021] pci 0000:00:07.0: quirk: [io  0x4000-0x403f] claimed by PIIX4 ACPI
[    1.674220] pci 0000:00:07.0: quirk: [io  0x4100-0x410f] claimed by PIIX4 SMB
[    1.686432] ACPI: PCI Interrupt Link [LNKA] (IRQs 5 9 10 *11)
[    1.694574] ACPI: PCI Interrupt Link [LNKB] (IRQs 5 9 10 *11)
[    1.697639] ACPI: PCI Interrupt Link [LNKC] (IRQs 5 9 *10 11)
[    1.699862] ACPI: PCI Interrupt Link [LNKD] (IRQs 5 *9 10 11)
[    1.702161] ACPI: Enabled 2 GPEs in block 00 to 07
[    1.704074] vgaarb: setting as boot device: PCI:0000:00:02.0
[    1.712943] vgaarb: device added: PCI:0000:00:02.0,decodes=io+mem,owns=io+mem,locks=none
[    1.722069] vgaarb: loaded
[    1.731820] vgaarb: bridge control possible 0000:00:02.0
[    1.746022] SCSI subsystem initialized
[    1.748688] ACPI: bus type USB registered
[    1.768592] usbcore: registered new interface driver usbfs
[    1.770157] usbcore: registered new interface driver hub
[    1.771674] usbcore: registered new device driver usb
[    1.776656] PCI: Using ACPI for IRQ routing
[    1.778528] NetLabel: Initializing
[    1.783543] NetLabel:  domain hash size = 128
[    1.784450] NetLabel:  protocols = UNLABELED CIPSOv4
[    1.798015] NetLabel:  unlabeled traffic allowed by default
[    1.805771] amd_nb: Cannot enumerate AMD northbridges
[    1.807051] clocksource: Switched to clocksource kvm-clock
[    1.816643] AppArmor: AppArmor Filesystem Enabled
[    1.824514] pnp: PnP ACPI init
[    1.829040] pnp: PnP ACPI: found 3 devices
[    1.840813] clocksource: acpi_pm: mask: 0xffffff max_cycles: 0xffffff, max_idle_ns: 2085701024 ns
[    1.843580] NET: Registered protocol family 2
[    1.847591] TCP established hash table entries: 4096 (order: 3, 32768 bytes)
[    1.849409] TCP bind hash table entries: 4096 (order: 4, 65536 bytes)
[    1.850990] TCP: Hash tables configured (established 4096 bind 4096)
[    1.852698] UDP hash table entries: 256 (order: 1, 8192 bytes)
[    1.854380] UDP-Lite hash table entries: 256 (order: 1, 8192 bytes)
[    1.856535] NET: Registered protocol family 1
[    1.857631] pci 0000:00:00.0: Limiting direct PCI/PCI transfers
[    1.859153] pci 0000:00:01.0: Activating ISA DMA hang workarounds
[    1.861148] Trying to unpack rootfs image as initramfs...
[    3.351922] Freeing initrd memory: 8232K (ffff88001efff000 - ffff88001f809000)
[    3.364396] RAPL PMU detected, API unit is 2^-32 Joules, 3 fixed counters 10737418240 ms ovfl timer
[    3.368043] hw unit of domain pp0-core 2^-0 Joules
[    3.369239] hw unit of domain package 2^-0 Joules
[    3.370459] hw unit of domain pp1-gpu 2^-0 Joules
[    3.377834] platform rtc_cmos: registered platform RTC device (no PNP device found)
[    3.384993] Scanning for low memory corruption every 60 seconds
[    3.390316] futex hash table entries: 256 (order: 2, 16384 bytes)
[    3.394259] audit: initializing netlink subsys (disabled)
[    3.395678] audit: type=2000 audit(1478542306.676:1): initialized
[    3.397934] Initialise system trusted keyring
[    3.400575] HugeTLB registered 2 MB page size, pre-allocated 0 pages
[    3.404784] zbud: loaded
[    3.406450] VFS: Disk quotas dquot_6.6.0
[    3.407900] VFS: Dquot-cache hash table entries: 512 (order 0, 4096 bytes)
[    3.409819] squashfs: version 4.0 (2009/01/31) Phillip Lougher
[    3.411813] fuse init (API version 7.23)
[    3.413554] Key type big_key registered
[    3.416415] Allocating IMA MOK and blacklist keyrings.
[    3.418433] Key type asymmetric registered
[    3.419556] Asymmetric key parser 'x509' registered
[    3.420811] Block layer SCSI generic (bsg) driver version 0.4 loaded (major 249)
[    3.424952] io scheduler noop registered
[    3.425970] io scheduler deadline registered (default)
[    3.427511] io scheduler cfq registered
[    3.429923] pci_hotplug: PCI Hot Plug PCI Core version: 0.5
[    3.431714] pciehp: PCI Express Hot Plug Controller Driver version: 0.4
[    3.433434] ACPI: AC Adapter [AC] (on-line)
[    3.434546] input: Power Button as /devices/LNXSYSTM:00/LNXPWRBN:00/input/input0
[    3.437038] ACPI: Power Button [PWRF]
[    3.440180] input: Sleep Button as /devices/LNXSYSTM:00/LNXSLPBN:00/input/input1
[    3.443254] ACPI: Sleep Button [SLPF]
[    3.445163] ACPI: Battery Slot [BAT0] (battery present)
[    3.448202] GHES: HEST is not enabled!
[    3.449329] Serial: 8250/16550 driver, 32 ports, IRQ sharing enabled
[    3.474478] 00:02: ttyS0 at I/O 0x3f8 (irq = 4, base_baud = 115200) is a 16550A
[    3.479730] Linux agpgart interface v0.103
[    3.483438] brd: module loaded
[    3.488099] loop: module loaded
[    3.491847] scsi host0: ata_piix
[    3.500282] scsi host1: ata_piix
[    3.504231] ata1: PATA max UDMA/33 cmd 0x1f0 ctl 0x3f6 bmdma 0xd000 irq 14
[    3.506023] ata2: PATA max UDMA/33 cmd 0x170 ctl 0x376 bmdma 0xd008 irq 15
[    3.509010] libphy: Fixed MDIO Bus: probed
[    3.510362] tun: Universal TUN/TAP device driver, 1.6
[    3.511712] tun: (C) 1999-2004 Max Krasnyansky <maxk@qualcomm.com>
[    3.515411] PPP generic driver version 2.4.2
[    3.517099] ehci_hcd: USB 2.0 'Enhanced' Host Controller (EHCI) Driver
[    3.518717] ehci-pci: EHCI PCI platform driver
[    3.520096] ehci-platform: EHCI generic platform driver
[    3.521463] ohci_hcd: USB 1.1 'Open' Host Controller (OHCI) Driver
[    3.523746] ohci-pci: OHCI PCI platform driver
[    3.524873] ohci-platform: OHCI generic platform driver
[    3.526150] uhci_hcd: USB Universal Host Controller Interface driver
[    3.529212] i8042: PNP: PS/2 Controller [PNP0303:PS2K,PNP0f03:PS2M] at 0x60,0x64 irq 1,12
[    3.532618] serio: i8042 KBD port at 0x60,0x64 irq 1
[    3.533596] serio: i8042 AUX port at 0x60,0x64 irq 12
[    3.534811] mousedev: PS/2 mouse device common for all mice
[    3.536211] input: AT Translated Set 2 keyboard as /devices/platform/i8042/serio0/input/input2
[    3.538284] rtc_cmos rtc_cmos: rtc core: registered rtc_cmos as rtc0
[    3.539701] rtc_cmos rtc_cmos: alarms up to one day, 114 bytes nvram
[    3.541025] i2c /dev entries driver
[    3.541849] device-mapper: uevent: version 1.0.3
[    3.542880] device-mapper: ioctl: 4.34.0-ioctl (2015-10-28) initialised: dm-devel@redhat.com
[    3.544835] ledtrig-cpu: registered to indicate activity on CPUs
[    3.547378] NET: Registered protocol family 10
[    3.548442] NET: Registered protocol family 17
[    3.549359] Key type dns_resolver registered
[    3.550372] microcode: CPU0 sig=0x306a9, pf=0x2, revision=0x19
[    3.553028] microcode: Microcode Update Driver: v2.01 <tigran@aivazian.fsnet.co.uk>, Peter Oruba
[    3.554883] registered taskstats version 1
[    3.556395] Loading compiled-in X.509 certificates
[    3.558097] Loaded X.509 cert 'Build time autogenerated kernel key: 5295ae568fdd4deae5e4e5c175542790e6aaeab9'
[    3.560213] zswap: loaded using pool lzo/zbud
[    3.564961] Key type trusted registered
[    3.570133] Key type encrypted registered
[    3.572948] AppArmor: AppArmor sha1 policy hashing enabled
[    3.574021] ima: No TPM chip found, activating TPM-bypass!
[    3.575163] evm: HMAC attrs: 0x1
[    3.576367]   Magic number: 8:83:190
[    3.577418] rtc_cmos rtc_cmos: setting system clock to 2016-11-07 18:11:43 UTC (1478542303)
[    3.579154] BIOS EDD facility v0.16 2004-Jun-25, 0 devices found
[    3.580326] EDD information not available.
[    3.665871] Freeing unused kernel memory: 1480K (ffffffff81f42000 - ffffffff820b4000)
[    3.708407] Write protecting the kernel read-only data: 14336k
[    3.740705] Freeing unused kernel memory: 1820K (ffff880001839000 - ffff880001a00000)
[    3.771242] Freeing unused kernel memory: 152K (ffff880001dda000 - ffff880001e00000)
Loading, please wait...
[    3.813986] random: udevadm: uninitialized urandom read (16 bytes read, 2 bits of entropy available)
starting version 229
[    3.854179] random: systemd-udevd: uninitialized urandom read (16 bytes read, 2 bits of entropy available)
[    3.863867] random: systemd-udevd: uninitialized urandom read (16 bytes read, 2 bits of entropy available)
[    3.867265] random: systemd-udevd: uninitialized urandom read (16 bytes read, 2 bits of entropy available)
[    3.869123] random: systemd-udevd: uninitialized urandom read (16 bytes read, 2 bits of entropy available)
[    3.872015] random: udevadm: uninitialized urandom read (16 bytes read, 2 bits of entropy available)
[    3.887257] random: udevadm: uninitialized urandom read (16 bytes read, 2 bits of entropy available)
[    3.889102] random: udevadm: uninitialized urandom read (16 bytes read, 2 bits of entropy available)
[    3.910767] random: udevadm: uninitialized urandom read (16 bytes read, 2 bits of entropy available)
[    3.913170] random: udevadm: uninitialized urandom read (16 bytes read, 2 bits of entropy available)
[    3.966363] Fusion MPT base driver 3.04.20
[    3.968867] Copyright (c) 1999-2008 LSI Corporation
[    3.985733] e1000: Intel(R) PRO/1000 Network Driver - version 7.3.21-k8-NAPI
[    3.989495] e1000: Copyright (c) 1999-2006 Intel Corporation.
[    4.029562] Fusion MPT SPI Host driver 3.04.20
[    4.039289] AVX version of gcm_enc/dec engaged.
[    4.041834] AES CTR mode by8 optimization enabled
[    4.206818] input: ImExPS/2 Generic Explorer Mouse as /devices/platform/i8042/serio1/input/input4
[    4.378338] tsc: Refined TSC clocksource calibration: 2594.622 MHz
[    4.408999] clocksource: tsc: mask: 0xffffffffffffffff max_cycles: 0x256663e050c, max_idle_ns: 440795271130 ns
[    4.558449] e1000 0000:00:03.0 eth0: (PCI:33MHz:32-bit) 02:8c:e2:cf:b5:33
[    4.593505] e1000 0000:00:03.0 eth0: Intel(R) PRO/1000 Network Connection
[    4.615831] mptbase: ioc0: Initiating bringup
[    4.688006] ioc0: LSI53C1030 A0: Capabilities={Initiator}
[    4.900150] scsi host2: ioc0: LSI53C1030 A0, FwRev=00000000h, Ports=1, MaxQ=256, IRQ=20
[    5.026702] scsi 2:0:0:0: Direct-Access     VBOX     HARDDISK         1.0  PQ: 0 ANSI: 5
[    5.038940] scsi target2:0:0: Beginning Domain Validation
[    5.046127] scsi target2:0:0: Domain Validation skipping write tests
[    5.051837] scsi target2:0:0: Ending Domain Validation
[    5.059682] scsi target2:0:0: asynchronous
[    5.081999] scsi 2:0:1:0: Direct-Access     VBOX     HARDDISK         1.0  PQ: 0 ANSI: 5
[    5.106681] scsi target2:0:1: Beginning Domain Validation
[    5.171870] scsi target2:0:1: Domain Validation skipping write tests
[    5.184911] scsi target2:0:1: Ending Domain Validation
[    5.195995] scsi target2:0:1: asynchronous
[    5.395684] sd 2:0:0:0: Attached scsi generic sg0 type 0
[    5.400506] sd 2:0:0:0: [sda] 20971520 512-byte logical blocks: (10.7 GB/10.0 GiB)
[    5.408611] sd 2:0:0:0: [sda] Write Protect is off
[    5.433047] sd 2:0:1:0: [sdb] 20480 512-byte logical blocks: (10.5 MB/10.0 MiB)
[    5.444478] sd 2:0:1:0: Attached scsi generic sg1 type 0
[    5.464160] sd 2:0:1:0: [sdb] Write Protect is off
[    5.539665] sd 2:0:0:0: [sda] Incomplete mode parameter data
[    5.565595] sd 2:0:0:0: [sda] Assuming drive cache: write through
[    5.571791] sd 2:0:1:0: [sdb] Incomplete mode parameter data
[    5.575075] sd 2:0:1:0: [sdb] Assuming drive cache: write through
[    5.595493]  sda: sda1
[    5.627033] sd 2:0:0:0: [sda] Attached SCSI disk
[    5.670106] sd 2:0:1:0: [sdb] Attached SCSI disk
[    5.671647] e1000 0000:00:08.0 eth1: (PCI:33MHz:32-bit) 08:00:27:e5:fc:a7
[    5.701811] e1000 0000:00:08.0 eth1: Intel(R) PRO/1000 Network Connection
[    6.091209] e1000 0000:00:09.0 eth2: (PCI:33MHz:32-bit) 08:00:27:75:38:0e
[    6.109053] e1000 0000:00:09.0 eth2: Intel(R) PRO/1000 Network Connection
[    6.118961] e1000 0000:00:09.0 enp0s9: renamed from eth2
[    6.127995] e1000 0000:00:08.0 enp0s8: renamed from eth1
[    6.133528] e1000 0000:00:03.0 enp0s3: renamed from eth0
[    7.035256] floppy0: no floppy controllers found
Begin: Loading essential drivers ... [    8.412299] md: linear personality registered for level -1
[    8.418257] md: multipath personality registered for level -4
[    8.431033] md: raid0 personality registered for level 0
[    8.438125] md: raid1 personality registered for level 1
[    8.535485] raid6: sse2x1   gen()  5803 MB/s
[    8.603537] raid6: sse2x1   xor()  3976 MB/s
[    8.671117] raid6: sse2x2   gen()  5835 MB/s
[    8.739136] raid6: sse2x2   xor()  4767 MB/s
[    8.807150] raid6: sse2x4   gen()  8057 MB/s
[    8.883187] raid6: sse2x4   xor()  6959 MB/s
[    8.887190] raid6: using algorithm sse2x4 gen() 8057 MB/s
[    8.888460] raid6: .... xor() 6959 MB/s, rmw enabled
[    8.889639] raid6: using ssse3x2 recovery algorithm
[    8.893575] xor: automatically using best checksumming function:
[    8.939253]    avx       : 15725.000 MB/sec
[    8.944337] async_tx: api initialized (async)
[    8.968625] md: raid6 personality registered for level 6
[    8.983528] md: raid5 personality registered for level 5
[    8.986687] md: raid4 personality registered for level 4
[    9.001546] md: raid10 personality registered for level 10
done.
Begin: Running /scripts/init-premount ... done.
Begin: Mounting root file system ... Begin: Running /scripts/local-top ... done.
Begin: Running /scripts/local-premount ... [    9.053983] Btrfs loaded
Scanning for Btrfs filesystems
done.
Warning: fsck not present, so skipping root file system
[    9.253201] EXT4-fs (sda1): mounted filesystem with ordered data mode. Opts: (null)
done.
Begin: Running /scripts/local-bottom ... done.
Begin: Running /scripts/init-bottom ... Warning: overlayroot: debug is busted
done.
[   10.127536] random: nonblocking pool is initialized
[   10.353857] systemd[1]: systemd 229 running in system mode. (+PAM +AUDIT +SELINUX +IMA +APPARMOR +SMACK +SYSVINIT +UTMP +LIBCRYPTSETUP +GCRYPT +GNUTLS +ACL +XZ -LZ4 +SECCOMP +BLKID +ELFUTILS +KMOD -IDN)
[   10.392169] systemd[1]: Detected virtualization oracle.
[   10.403787] systemd[1]: Detected architecture x86-64.

Welcome to [1mUbuntu 16.04.1 LTS[0m!

[   10.495038] systemd[1]: Set hostname to <ubuntu>.
[   10.541342] systemd[1]: Initializing machine ID from random generator.
[   10.551231] systemd[1]: Installed transient /etc/machine-id file.
[   11.640021] systemd[1]: Listening on LVM2 poll daemon socket.
[[0;32m  OK  [0m] Listening on LVM2 poll daemon socket.
[   11.649682] systemd[1]: Created slice System Slice.
[[0;32m  OK  [0m] Created slice System Slice.
[   11.652389] systemd[1]: Listening on Journal Socket (/dev/log).
[[0;32m  OK  [0m] Listening on Journal Socket (/dev/log).
[   11.735500] systemd[1]: Listening on LVM2 metadata daemon socket.
[[0;32m  OK  [0m] Listening on LVM2 metadata daemon socket.
[   11.740849] systemd[1]: Started Forward Password Requests to Wall Directory Watch.
[[0;32m  OK  [0m] Started Forward Password Requests to Wall Directory Watch.
[   11.745010] systemd[1]: Listening on udev Control Socket.
[[0;32m  OK  [0m] Listening on udev Control Socket.
[   11.748148] systemd[1]: Reached target Encrypted Volumes.
[[0;32m  OK  [0m] Reached target Encrypted Volumes.
[   11.805731] systemd[1]: Set up automount Arbitrary Executable File Formats File System Automount Point.
[[0;32m  OK  [0m] Set up automount Arbitrary Executab...ats File System Automount Point.
[   11.822015] systemd[1]: Listening on /dev/initctl Compatibility Named Pipe.
[[0;32m  OK  [0m] Listening on /dev/initctl Compatibility Named Pipe.
[   11.834098] systemd[1]: Listening on udev Kernel Socket.
[[0;32m  OK  [0m] Listening on udev Kernel Socket.
[   11.863307] systemd[1]: Created slice User and Session Slice.
[[0;32m  OK  [0m] Created slice User and Session Slice.
[   11.869708] systemd[1]: Reached target Slices.
[[0;32m  OK  [0m] Reached target Slices.
[   11.875599] systemd[1]: Listening on Syslog Socket.
[[0;32m  OK  [0m] Listening on Syslog Socket.
[   11.886514] systemd[1]: Listening on Journal Socket.
[[0;32m  OK  [0m] Listening on Journal Socket.
[   11.892632] systemd[1]: Starting Uncomplicated firewall...
         Starting Uncomplicated firewall...
[   11.903790] systemd[1]: Mounting Huge Pages File System...
         Mounting Huge Pages File System...
[   11.991031] systemd[1]: Starting Load Kernel Modules...
         Starting Load Kernel Modules...
[   12.005745] systemd[1]: Mounting POSIX Message Queue File System...
         Mounting POSIX Message Queue File System...
[   12.015177] systemd[1]: Mounting Debug File System...
         Mounting Debug File System...
[   12.029888] systemd[1]: Starting Nameserver information manager...
[   12.050049] Loading iSCSI transport class v2.0-870.
         Starting Nameserver information manager...
[   12.060013] systemd[1]: Starting Set console keymap...
         Starting Set console keymap...
[   12.093572] iscsi: registered transport (tcp)
[   12.103949] systemd[1]: Starting Remount Root and Kernel File Systems...
         Starting Remount Root and Kernel File Systems...
[   12.155340] systemd[1]: Reached target User and Group Name Lookups.
[   12.192224] EXT4-fs (sda1): re-mounted. Opts: (null)
[[0;32m  OK  [0m] Reached target User and Group Name Lookups.
[   12.272051] systemd[1]: Starting Create list of required static device nodes for the current kernel...
         Starting Create list of required st... nodes for the current kernel...
[   12.354647] systemd[1]: Listening on Device-mapper event daemon FIFOs.
[[0;32m  OK  [0m] Listening on Device-mapper event daemon FIFOs.
[   12.365963] systemd[1]: Created slice system-serial\x2dgetty.slice.
[   12.439582] iscsi: registered transport (iser)
[[0;32m  OK  [0m] Created slice system-serial\x2dgetty.slice.
[   12.500129] systemd[1]: Starting Monitoring of LVM2 mirrors, snapshots etc. using dmeventd or progress polling...
         Starting Monitoring of LVM2 mirrors... dmeventd or progress polling...
[   12.506932] systemd[1]: Listening on Journal Audit Socket.
[[0;32m  OK  [0m] Listening on Journal Audit Socket.
[   12.515663] systemd[1]: Starting Journal Service...
         Starting Journal Service...
[   12.519802] systemd[1]: Reached target Swap.
[[0;32m  OK  [0m] Reached target Swap.
[   12.533107] systemd[1]: Mounted Debug File System.
[[0;32m  OK  [0m] Mounted Debug File System.
[   12.601693] systemd[1]: Mounted POSIX Message Queue File System.
[[0;32m  OK  [0m] Mounted POSIX Message Queue File System.
[   12.608134] systemd[1]: Mounted Huge Pages File System.
[[0;32m  OK  [0m] Mounted Huge Pages File System.
[   12.611583] systemd[1]: Started Uncomplicated firewall.
[[0;32m  OK  [0m] Started Uncomplicated firewall.
[   12.615596] systemd[1]: Started Load Kernel Modules.
[[0;32m  OK  [0m] Started Load Kernel Modules.
[   12.625117] systemd[1]: Started Set console keymap.
[[0;32m  OK  [0m] Started Set console keymap.
[   12.645994] systemd[1]: Started Remount Root and Kernel File Systems.
[[0;32m  OK  [0m] Started Remount Root and Kernel File Systems.
[   12.662795] systemd[1]: Started Create list of required static device nodes for the current kernel.
[[0;32m  OK  [0m] Started Create list of required sta...ce nodes for the current kernel.
[   12.711791] systemd[1]: Starting Create Static Device Nodes in /dev...
         Starting Create Static Device Nodes in /dev...
[   12.724135] systemd[1]: Starting Load/Save Random Seed...
         Starting Load/Save Random Seed...
[   12.924816] systemd[1]: Starting udev Coldplug all Devices...
         Starting udev Coldplug all Devices...
[   12.971427] systemd[1]: Starting Apply Kernel Variables...
         Starting Apply Kernel Variables...
[   13.008402] systemd[1]: Mounting FUSE Control File System...
         Mounting FUSE Control File System...
[   13.069030] systemd[1]: Mounted FUSE Control File System.
[[0;32m  OK  [0m] Mounted FUSE Control File System.
[   13.145148] systemd[1]: Started Nameserver information manager.
[[0;32m  OK  [0m] Started Nameserver information manager.
[   13.194317] systemd[1]: Started Load/Save Random Seed.
[[0;32m  OK  [0m] Started Load/Save Random Seed.
[   13.224422] systemd[1]: Started Journal Service.
[[0;32m  OK  [0m] Started Journal Service.
[[0;32m  OK  [0m] Started udev Coldplug all Devices.
[[0;32m  OK  [0m] Started Apply Kernel Variables.
[[0;32m  OK  [0m] Started LVM2 metadata daemon.
         Starting Flush Journal to Persistent Storage...
[[0;32m  OK  [0m] Started Flush Journal to Persistent Storage.
[[0;32m  OK  [0m] Started Create Static Device Nodes in /dev.
         Starting udev Kernel Device Manager...
[[0;32m  OK  [0m] Started Monitoring of LVM2 mirrors,...ng dmeventd or progress polling.
[[0;32m  OK  [0m] Started udev Kernel Device Manager.
[[0;32m  OK  [0m] Reached target Local File Systems (Pre).
[[0;32m  OK  [0m] Reached target Local File Systems.
         Starting Initial cloud-init job (pre-networking)...
         Starting Create Volatile Files and Directories...
         Starting Set console font and keymap...
         Starting Commit a transient machine-id on disk...
         Starting LSB: AppArmor initialization...
         Starting Run snappy firstboot setup...
         Starting Tell Plymouth To Write Out Runtime Data...
[[0;32m  OK  [0m] Started Dispatch Password Requests to Console Directory Watch.
[[0;32m  OK  [0m] Started Commit a transient machine-id on disk.
[[0;32m  OK  [0m] Started Tell Plymouth To Write Out Runtime Data.
[[0;32m  OK  [0m] Started Create Volatile Files and Directories.
[[0;32m  OK  [0m] Reached target System Time Synchronized.
         Starting Update UTMP about System Boot/Shutdown...
[[0;32m  OK  [0m] Found device /dev/ttyS0.
[[0;32m  OK  [0m] Started Update UTMP about System Boot/Shutdown.
[[0;32m  OK  [0m] Listening on Load/Save RF Kill Switch Status /dev/rfkill Watch.
[[0;32m  OK  [0m] Started Set console font and keymap.
[[0;32m  OK  [0m] Created slice system-getty.slice.
[[0;32m  OK  [0m] Started Run snappy firstboot setup.
[[0;32m  OK  [0m] Started LSB: AppArmor initialization.
[[0;32m  OK  [0m] Reached target System Initialization.
[[0;32m  OK  [0m] Started Trigger resolvconf update for networkd DNS.
[[0;32m  OK  [0m] Started Timer to automatically refresh installed snaps.
[[0;32m  OK  [0m] Listening on UUID daemon activation socket.
[[0;32m  OK  [0m] Started Daily apt activities.
[[0;32m  OK  [0m] Listening on ACPID Listen Socket.
         Starting Socket activation for snappy daemon.
[[0;32m  OK  [0m] Listening on D-Bus System Message Bus Socket.
         Starting LXD - unix socket.
[[0;32m  OK  [0m] Started Daily Cleanup of Temporary Directories.
[[0;32m  OK  [0m] Reached target Timers.
[[0;32m  OK  [0m] Started ACPI Events Check.
[[0;32m  OK  [0m] Reached target Paths.
[[0;32m  OK  [0m] Listening on Socket activation for snappy daemon.
[[0;32m  OK  [0m] Listening on LXD - unix socket.
[[0;32m  OK  [0m] Reached target Sockets.
[[0;32m  OK  [0m] Reached target Basic System.
[[0;32m  OK  [0m] Started FUSE filesystem for LXC.
[[0;32m  OK  [0m] Started Deferred execution scheduler.
         Starting LSB: Record successful boot for GRUB...
         Starting LXD - container startup/shutdown...
[[0;32m  OK  [0m] Started Regular background program processing daemon.
         Starting LSB: MD monitoring daemon...
         Starting System Logging Service...
         Starting Accounts Service...
[[0;32m  OK  [0m] Started ACPI event daemon.
[[0;32m  OK  [0m] Started D-Bus System Message Bus.
         Starting Login Service...
[[0;32m  OK  [0m] Started Snappy daemon.
[[0;32m  OK  [0m] Started System Logging Service.
[[0;32m  OK  [0m] Started Login Service.
[[0;32m  OK  [0m] Started LSB: Record successful boot for GRUB.
[[0;32m  OK  [0m] Started LSB: MD monitoring daemon.
         Starting Authenticate and Authorize Users to Run Privileged Tasks...
[[0;32m  OK  [0m] Started Authenticate and Authorize Users to Run Privileged Tasks.
[[0;32m  OK  [0m] Started Accounts Service.
[[0;32m  OK  [0m] Started LXD - container startup/shutdown.
[   25.214640] cloud-init[511]: Cloud-init v. 0.7.8 running 'init-local' at Mon, 07 Nov 2016 18:12:05 +0000. Up 24.45 seconds.
[[0;32m  OK  [0m] Started Initial cloud-init job (pre-networking).
[[0;32m  OK  [0m] Reached target Network (Pre).
         Starting Raise network interfaces...
[[0;32m  OK  [0m] Started Raise network interfaces.
[[0;32m  OK  [0m] Reached target Network.
         Starting Initial cloud-init job (metadata service crawler)...
[   28.905925] cloud-init[1050]: Cloud-init v. 0.7.8 running 'init' at Mon, 07 Nov 2016 18:12:07 +0000. Up 26.34 seconds.
[   28.911732] cloud-init[1050]: ci-info: ++++++++++++++++++++++++++++++++++++++Net device info++++++++++++++++++++++++++++++++++++++
[   28.919450] cloud-init[1050]: ci-info: +--------+-------+----------------------------+---------------+-------+-------------------+
[   28.934088] cloud-init[1050]: ci-info: | Device |   Up  |          Address           |      Mask     | Scope |     Hw-Address    |
[   28.940267] cloud-init[1050]: ci-info: +--------+-------+----------------------------+---------------+-------+-------------------+
[   28.946292] cloud-init[1050]: ci-info: | enp0s3 |  True |         10.0.2.15          | 255.255.255.0 |   .   | 02:8c:e2:cf:b5:33 |
[   28.952303] cloud-init[1050]: ci-info: | enp0s3 |  True | fe80::8c:e2ff:fecf:b533/64 |       .       |  link | 02:8c:e2:cf:b5:33 |
[   28.956770] cloud-init[1050]: ci-info: |   lo   |  True |         127.0.0.1          |   255.0.0.0   |   .   |         .         |
[   28.960487] cloud-init[1050]: ci-info: |   lo   |  True |          ::1/128           |       .       |  host |         .         |
[   28.964988] cloud-init[1050]: ci-info: | enp0s8 | False |             .              |       .       |   .   | 08:00:27:e5:fc:a7 |
[   28.971670] cloud-init[1050]: ci-info: | enp0s9 | False |             .              |       .       |   .   | 08:00:27:75:38:0e |
[   28.976196] cloud-init[1050]: ci-info: +--------+-------+----------------------------+---------------+-------+-------------------+
[   28.980940] cloud-init[1050]: ci-info: +++++++++++++++++++++++++++Route IPv4 info++++++++++++++++++++++++++++
[   28.986806] cloud-init[1050]: ci-info: +-------+-------------+----------+---------------+-----------+-------+
[   28.989865] cloud-init[1050]: ci-info: | Route | Destination | Gateway  |    Genmask    | Interface | Flags |
[   28.996217] cloud-init[1050]: ci-info: +-------+-------------+----------+---------------+-----------+-------+
[   29.006036] cloud-init[1050]: ci-info: |   0   |   0.0.0.0   | 10.0.2.2 |    0.0.0.0    |   enp0s3  |   UG  |
[   29.008820] cloud-init[1050]: ci-info: |   1   |   10.0.2.0  | 0.0.0.0  | 255.255.255.0 |   enp0s3  |   U   |
[   29.014166] cloud-init[1050]: ci-info: +-------+-------------+----------+---------------+-----------+-------+
[   29.018800] cloud-init[1050]: Generating public/private rsa key pair.
[   29.024688] cloud-init[1050]: Your identification has been saved in /etc/ssh/ssh_host_rsa_key.
[   29.030000] cloud-init[1050]: Your public key has been saved in /etc/ssh/ssh_host_rsa_key.pub.
[   29.036189] cloud-init[1050]: The key fingerprint is:
[[0;32m  OK  [0m] Started Initial cloud-init job (metadata service crawler).
[   29.040909] cloud-init[1050]: SHA256:ONF4ixyyj1HE+AHIJbi5pGz4oBYwq5KAD5X3i7EGNYQ root@ubuntu-xenial
[   29.046677] cloud-init[1050]: The key's randomart image is:
[[0;32m  OK  [0m] Reached target Cloud-config availability.
[   29.055315] cloud-init[1050]: +---[RSA 2048]----+
[   29.064410] cloud-init[1050]: | o.+o+.          |
[[0;32m  OK  [0m] Reached target Network is Online.
         Starting Apply the settings specified in cloud-config...
[   29.068903] cloud-init[1050]: |. E.o.oo         |
[   29.075511]          Starting iSCSI initiator daemon (iscsid)...
cloud-init[1050]: | o o..=.o        |
[   29.091988] cloud-init[1050]: |=.o +=.* .       |
[   29.096798] cloud-init[1050]: |B= ooo= S        |
         Starting Pollinate to seed the pseudo random number generator...
         Starting /etc/rc.local Compatibility...
[   29.106914] cloud-init[1050]: |X+. .+..         |
[   29.127723] cloud-init[1050]: |=*...+..         |
[   29.140643] cloud-init[1050]: |=.o + .          |
[[0;32m  OK  [0m] [   29.152333] cloud-init[1050]: |o  .             |
Started /etc/rc.local Compatibility.
[   29.155810] cloud-init[1050]: +----[SHA256]-----+
[   29.173646] cloud-init[1050]: Generating public/private dsa key pair.
[   29.202162] cloud-init[1050]: Your identification has been saved in /etc/ssh/ssh_host_dsa_key.
[   29.208931] cloud-init[1050]: Your public key has been saved in /etc/ssh/ssh_host_dsa_key.pub.
[   29.213607] cloud-init[1050]: The key fingerprint is:
[   29.218704] cloud-init[1050]: SHA256:AJ2Jhyp2jLTMXF3BG2z/nMjOYyqtb5Gr1i/7WdYMCq4 root@ubuntu-xenial
[   29.223535] cloud-init[1050]: The key's randomart image is:
[   29.226596] cloud-init[1050]: +---[DSA 1024]----+
[   29.229421] cloud-init[1050]: |    o++=.        |
[   29.231656] cloud-init[1050]: | . .oo==         |
[   29.239740] cloud-init[1050]: |= =. .o +        |
[   29.242122] cloud-init[1050]: |.B.o   o .       |
[   29.246245] cloud-init[1050]: |...    .S +..    |
[   29.250520] cloud-init[1050]: |      .o.o.++    |
[   29.253993] cloud-init[1050]: |      o.=. o o   |
[   29.256677] cloud-init[1050]: |     o.* =+      |
[   29.260337] cloud-init[1050]: |    .E*+B+.      |
[[0;32m  OK  [0m] Started iSCSI initiator daemon (iscsid).
[   29.269261] cloud-init[1050]: +----[SHA256]-----+
         Starting Login to default iSCSI targets...
[   29.279280] cloud-init[1050]: Generating public/private ecdsa key pair.
[   29.292464] cloud-init[1050]: Your identification has been saved in /etc/ssh/ssh_host_ecdsa_key.
[   29.298473] cloud-init[1050]: Your public key has been saved in /etc/ssh/ssh_host_ecdsa_key.pub.
[   29.307370] cloud-init[1050]: The key fingerprint is:
[   29.313376] cloud-init[1050]: SHA256:w5Ttlb9sbF80x3yw4n1X3+RhqmvCK7lwG0+E8jMgqN0 root@ubuntu-xenial
[   29.326072] cloud-init[1050]: The key's randomart image is:
[   29.328048] cloud-init[1050]: +---[ECDSA 256]---+
[   29.335403] cloud-init[1050]: |                 |
[   29.338402] cloud-init[1050]: |         o   .   |
[   29.344566] cloud-init[1050]: |        o . o .  |
[   29.352501] cloud-init[1050]: |  .    o.. . . = |
[   29.357105] cloud-init[1050]: | . . o .S.. . o+O|
[   29.359099] cloud-init[1050]: |.. .. + .. . =o=O|
[   29.362694] cloud-init[1050]: |. . E. *o.  ..B B|
[   29.365810] cloud-init[1050]: |      ooBo ..o oo|
[   29.368928] cloud-init[1050]: |       ooo+o.   .|
[   29.372264] cloud-init[1050]: +----[SHA256]-----+
[   29.390309] cloud-init[1050]: Generating public/private ed25519 key pair.
[   29.400046] cloud-init[1050]: Your identification has been saved in /etc/ssh/ssh_host_ed25519_key.
[[0;32m  OK  [0m] Started Login to default iSCSI targets.
[[0;32m  OK  [0m] Reached target Remote File Systems (Pre).
[[0;32m  OK  [0m] Reached target Remote File Systems.
         Starting LSB: Set the CPU Frequency Scaling governor to "ondemand"...
         Starting LSB: daemon to balance interrupts for SMP systems...
         Starting Permit User Sessions...
         Starting LSB: VirtualBox Linux Additions...
         Starting LSB: automatic crash report generation...
[   29.406858] cloud-init[1050]: Your public key has been saved in /etc/ssh/ssh_host_ed25519_key.pub.
[   29.464681] cloud-init[1050]: The key fingerprint is:
[   29.473452] cloud-init[1050]: SHA256:XbHBpR4RPahaCZSPnOx+mYzBKQDWquVZpXZNx1tovLs root@ubuntu-xenial
[   29.484899] cloud-init[1050]: The key's randomart image is:
[   29.490710] cloud-init[1050]: +--[ED25519 256]--+
[   29.495827] cloud-init[1050]: |   .   ..+ o==.  |
[[0;32m  OK  [0m] Started Permit User Sessions.
         [   29.508013] cloud-init[1050]: |  o . . + * +*o  |
[   29.521403] cloud-init[1050]: | . o o = B *=  . |
[   29.521453] cloud-init[1050]: |  o = . *.Bo .   |
[   29.521497] cloud-init[1050]: | + + o oS+...    |
[   29.521540] cloud-init[1050]: |. o   . * .      |
[   29.521583] cloud-init[1050]: |       o + +     |
[   29.521626] cloud-init[1050]: |        o E      |
[   29.522038] cloud-init[1050]: |         .       |
[   29.522086] cloud-init[1050]: +----[SHA256]-----+
Starting Hold until boot process finishes up...
         Starting Terminate Plymouth Boot Screen...
[[0;32m  OK  [0m] Started LSB: Set the CPU Frequency Scaling governor to "ondemand".
[[0;32m  OK  [0m] Started Hold until boot process finishes up.
[[0;32m  OK  [0m] Started Terminate Plymouth Boot Screen.
[[0;32m  OK  [0m] Started Getty on tty1.
         Starting Set console scheme...
[[0;32m  OK  [0m] Started Serial Getty on ttyS0.
[[0;32m  OK  [0m] Reached target Login Prompts.
[[0;32m  OK  [0m] Started Set console scheme.
[[0;32m  OK  [0m] Started LSB: automatic crash report generation.
[[0;32m  OK  [0m] Started LSB: daemon to balance interrupts for SMP systems.
[[0;32m  OK  [0m] Started LSB: VirtualBox Linux Additions.
[   30.695925] cloud-init[1132]: Generating locales (this might take a while)...
[   32.229378] cloud-init[1132]:   en_US.UTF-8... done
[   32.234691] cloud-init[1132]: Generation complete.
[[0;32m  OK  [0m] Started Pollinate to seed the pseudo random number generator.
         Starting OpenBSD Secure Shell server...
[[0;32m  OK  [0m] Started OpenBSD Secure Shell server.
[[0;32m  OK  [0m] Reached target Multi-User System.
         Starting Notify bootloader that boot was successful...
[[0;32m  OK  [0m] Reached target Graphical Interface.
         Starting Update UTMP about System Runlevel Changes...
[[0;32m  OK  [0m] Started Update UTMP about System Runlevel Changes.
[[0;32m  OK  [0m] Started Notify bootloader that boot was successful.
         Stopping OpenBSD Secure Shell server...
[[0;32m  OK  [0m] Stopped OpenBSD Secure Shell server.
         Starting OpenBSD Secure Shell server...
[[0;32m  OK  [0m] Started OpenBSD Secure Shell server.
[[0;32m  OK  [0m] Created slice User Slice of ubuntu.
         Starting User Manager for UID 1000...
[[0;32m  OK  [0m] Started Session 1 of user ubuntu.
[[0;32m  OK  [0m] Started User Manager for UID 1000.

Ubuntu 16.04.1 LTS ubuntu-xenial ttyS0

ubuntu-xenial login: [   36.119542] cloud-init[1132]: Cloud-init v. 0.7.8 running 'modules:config' at Mon, 07 Nov 2016 18:12:11 +0000. Up 30.21 seconds.
ci-info: +++++Authorized keys from /home/ubuntu/.ssh/authorized_keys for user ubuntu++++++
ci-info: +---------+-------------------------------------------------+---------+---------+
ci-info: | Keytype |                Fingerprint (md5)                | Options | Comment |
ci-info: +---------+-------------------------------------------------+---------+---------+
ci-info: | ssh-rsa | 8b:95:6c:6d:fd:a2:14:49:d6:5b:ee:49:51:9d:0f:01 |    -    | vagrant |
ci-info: +---------+-------------------------------------------------+---------+---------+
<14>Nov  7 18:12:18 ec2: 
<14>Nov  7 18:12:18 ec2: #############################################################
<14>Nov  7 18:12:18 ec2: -----BEGIN SSH HOST KEY FINGERPRINTS-----
<14>Nov  7 18:12:18 ec2: 1024 SHA256:AJ2Jhyp2jLTMXF3BG2z/nMjOYyqtb5Gr1i/7WdYMCq4 root@ubuntu-xenial (DSA)
<14>Nov  7 18:12:18 ec2: 256 SHA256:w5Ttlb9sbF80x3yw4n1X3+RhqmvCK7lwG0+E8jMgqN0 root@ubuntu-xenial (ECDSA)
<14>Nov  7 18:12:18 ec2: 256 SHA256:XbHBpR4RPahaCZSPnOx+mYzBKQDWquVZpXZNx1tovLs root@ubuntu-xenial (ED25519)
<14>Nov  7 18:12:18 ec2: 2048 SHA256:ONF4ixyyj1HE+AHIJbi5pGz4oBYwq5KAD5X3i7EGNYQ root@ubuntu-xenial (RSA)
<14>Nov  7 18:12:18 ec2: -----END SSH HOST KEY FINGERPRINTS-----
<14>Nov  7 18:12:18 ec2: #############################################################
-----BEGIN SSH HOST KEY KEYS-----
ecdsa-sha2-nistp256 AAAAE2VjZHNhLXNoYTItbmlzdHAyNTYAAAAIbmlzdHAyNTYAAABBBLotEB0E8leWmMKAj8KgBd23/rSf3/WV+eOBQuUB+B80a7I0SdaH5ZlceaFeMJxSBSriGlewFwMop3A7dl1owVg= root@ubuntu-xenial
ssh-ed25519 AAAAC3NzaC1lZDI1NTE5AAAAICoIInbvKhn/dXHv7YuX+0wYK76UgguwrWC0jjFgOHtU root@ubuntu-xenial
ssh-rsa AAAAB3NzaC1yc2EAAAADAQABAAABAQC8+/Q784n488P7Blj5LMHq2JOOzColn68CQvWVr8l1hFlx71elsUbPWF8fZU0HJ8807dd8D5Ay9J426OysRrhXSLePDKckX3uabF9ga443d5MyqtUanA2ltMkL/LhMNNmLIyZWaq6WsgYrb6dkzNR1NA9ljaeCYxD6YMjo1CJ3j87uWD2XcFXtAfLikPP2tEj6A0LUJ3yZuYuylXhYIQnPXu9H4lCgIHo1qtUsPoHNuusZ0RT4xrKBx17wI1hH5oQJZnDWigffi1/D51CnjujxcZApjubCpsJVVCBbUm3MfdrohSNFgvvnjEx9LPbE49EKvHsHZwuN9pVOtF0HQbat root@ubuntu-xenial
-----END SSH HOST KEY KEYS-----
[   37.677831] cloud-init[1479]: Cloud-init v. 0.7.8 running 'modules:final' at Mon, 07 Nov 2016 18:12:18 +0000. Up 37.04 seconds.
[   37.678952] cloud-init[1479]: Cloud-init v. 0.7.8 finished at Mon, 07 Nov 2016 18:12:19 +0000. Datasource DataSourceNoCloud [seed=/dev/sdb][dsmode=net].  Up 37.61 seconds
